gcc -fPIC -c staticlib.c
wojtek@LAPTOP-KPBHKIRC:~/sysopy/sysopy/lab1zajecia/dynamicLibrary$ ls
libdynamicstringlibrary.so  main  main.c  staticlib.c  staticlib.o
wojtek@LAPTOP-KPBHKIRC:~/sysopy/sysopy/lab1zajecia/dynamicLibrary$ ls -al
total 56
drwxr-xr-x 2 wojtek wojtek  4096 Mar  3 18:00 .
drwxr-xr-x 4 wojtek wojtek  4096 Mar  3 17:48 ..
-rwxr-xr-x 1 wojtek wojtek 16232 Mar  3 17:51 libdynamicstringlibrary.so
-rwxr-xr-x 1 wojtek wojtek 16712 Mar  3 17:55 main
-rw-r--r-- 1 wojtek wojtek    51 Mar  3 17:59 main.c
-rw-r--r-- 1 wojtek wojtek   177 Mar  3 17:59 staticlib.c
-rw-r--r-- 1 wojtek wojtek  2080 Mar  3 18:00 staticlib.o
wojtek@LAPTOP-KPBHKIRC:~/sysopy/sysopy/lab1zajecia/dynamicLibrary$ gcc -shared -fPIC -o libdynamicstringlibrary.so staticlib.o
wojtek@LAPTOP-KPBHKIRC:~/sysopy/sysopy/lab1zajecia/dynamicLibrary$ gcc main.c -o main -L. libdynamicstringlibrary
gcc: error: libdynamicstringlibrary: No such file or directory
wojtek@LAPTOP-KPBHKIRC:~/sysopy/sysopy/lab1zajecia/dynamicLibrary$ gcc main.c -o main -L. libdynamicstringlibrary.so
